

=== PASSENGER STARTUP 2026-01-28 04:41:59.705950 ===
APP_ROOT: /home/user/flaskapp/flaskapp
Python: 3.11.14 (main, Oct 10 2025, 08:54:04) [GCC 13.3.0]
2026-01-28 04:41:59,706 [INFO] root: Logging initialized to: /home/user/flaskapp/flaskapp/stderr.log

=== PASSENGER STARTUP 2026-04-02 12:47:13.724108 ===
APP_ROOT: /home/user/flaskapp/flaskapp
Python: 3.11.14 (main, Oct 10 2025, 08:54:04) [GCC 13.3.0]
2026-04-02 12:47:13,724 [INFO] root: Logging initialized to: /home/user/flaskapp/flaskapp/stderr.log

=== PASSENGER STARTUP 2026-04-02 12:47:33.761371 ===
APP_ROOT: /home/user/flaskapp/flaskapp
Python: 3.11.14 (main, Oct 10 2025, 08:54:04) [GCC 13.3.0]
2026-04-02 12:47:33,761 [INFO] root: Logging initialized to: /home/user/flaskapp/flaskapp/stderr.log

=== PASSENGER STARTUP 2026-04-02 20:33:44.551910 ===
APP_ROOT: /home/user/flaskapp/flaskapp
Python: 3.11.14 (main, Oct 10 2025, 08:54:04) [GCC 13.3.0]
2026-04-02 20:33:44,552 [INFO] root: Logging initialized to: /home/user/flaskapp/flaskapp/stderr.log
2026-04-02 20:33:44,940 [INFO] alembic.runtime.plugins: setup plugin alembic.autogenerate.schemas
2026-04-02 20:33:44,940 [INFO] alembic.runtime.plugins: setup plugin alembic.autogenerate.tables
2026-04-02 20:33:44,940 [INFO] alembic.runtime.plugins: setup plugin alembic.autogenerate.types
2026-04-02 20:33:44,940 [INFO] alembic.runtime.plugins: setup plugin alembic.autogenerate.constraints
2026-04-02 20:33:44,941 [INFO] alembic.runtime.plugins: setup plugin alembic.autogenerate.defaults
2026-04-02 20:33:44,941 [INFO] alembic.runtime.plugins: setup plugin alembic.autogenerate.comments
2026-04-02 20:33:44,956 [INFO] app: Loaded config from app.config.Config
2026-04-02 20:33:44,956 [INFO] app: Ads config: dev_token_len=22, login_cid=None, client_id=NOT SET, redirect_uri=https://fieldsprout.io/ads-grader/connect/callback

=== PASSENGER STARTUP 2026-04-02 20:40:17.734844 ===
APP_ROOT: /home/user/flaskapp/flaskapp
Python: 3.11.14 (main, Oct 10 2025, 08:54:04) [GCC 13.3.0]
2026-04-02 20:40:17,734 [INFO] root: Logging initialized to: /home/user/flaskapp/flaskapp/stderr.log
2026-04-02 20:40:18,073 [INFO] alembic.runtime.plugins: setup plugin alembic.autogenerate.schemas
2026-04-02 20:40:18,074 [INFO] alembic.runtime.plugins: setup plugin alembic.autogenerate.tables
2026-04-02 20:40:18,074 [INFO] alembic.runtime.plugins: setup plugin alembic.autogenerate.types
2026-04-02 20:40:18,074 [INFO] alembic.runtime.plugins: setup plugin alembic.autogenerate.constraints
2026-04-02 20:40:18,074 [INFO] alembic.runtime.plugins: setup plugin alembic.autogenerate.defaults
2026-04-02 20:40:18,074 [INFO] alembic.runtime.plugins: setup plugin alembic.autogenerate.comments
2026-04-02 20:40:18,088 [INFO] app: Loaded config from app.config.Config
2026-04-02 20:40:18,088 [INFO] app: Ads config: dev_token_len=22, login_cid=None, client_id=NOT SET, redirect_uri=https://fieldsprout.io/ads-grader/connect/callback
